
> levarum@0.1.0 build
> npm run build:designs && npm run check:boundary && tsc -b && vite build


> levarum@0.1.0 build:designs
> node scripts/build-design-gallery.mjs


> levarum@0.1.0 check:boundary
> node scripts/check-boundary.mjs && node scripts/check-public-graph.mjs

Boundary check passed. 118 files scanned.
Public import boundary passed: 17 reachable modules; no admin, auth, private stores or server SDKs.
npm notice
npm notice New major version of npm available! 11.9.0 -> 12.2.0
npm notice Changelog: https://github.com/npm/cli/releases/tag/v12.2.0
npm notice To update run: npm install -g npm@12.2.0
npm notice
vite v8.2.1 building client environment for production...
[2Ktransforming...✓ 109 modules transformed.
rendering chunks...
computing gzip size...
dist/index.html                                                              0.84 kB │ gzip:  0.44 kB
dist/admin.html                                                              0.91 kB │ gzip:  0.48 kB
dist/.vite/manifest.json                                                     5.49 kB │ gzip:  0.74 kB
dist/assets/instrument-sans-latin-ext-wght-normal-B5bTHO_g.woff2            11.14 kB
dist/assets/instrument-sans-latin-ext-wght-italic-CTF9u33F.woff2            11.64 kB
dist/assets/space-mono-latin-400-normal-_3DlpgIW.woff                       12.31 kB
dist/assets/space-mono-latin-400-normal-Rg4St2Dn.woff2                      16.52 kB
dist/assets/instrument-serif-latin-400-italic-u__WvvIK.woff                 19.26 kB
dist/assets/schibsted-grotesk-latin-ext-wght-normal-hsMS0n0O.woff2          20.92 kB
dist/assets/bricolage-grotesque-vietnamese-standard-normal-Br4FGdAc.woff2   22.02 kB
dist/assets/instrument-serif-latin-400-italic-DKMiL14s.woff2                22.12 kB
dist/assets/instrument-sans-latin-wght-normal-BbzFLZTg.woff2                30.09 kB
dist/assets/instrument-sans-latin-wght-italic-BlcgWI5J.woff2                31.82 kB
dist/assets/schibsted-grotesk-latin-wght-normal-Bb8VGrTG.woff2              46.75 kB
dist/assets/bricolage-grotesque-latin-ext-standard-normal-qp-RdZgh.woff2    53.58 kB
dist/assets/bricolage-grotesque-latin-standard-normal-C5Lc8Qmc.woff2       131.54 kB
dist/assets/admin-CzTwJx9a.css                                               2.07 kB │ gzip:  0.80 kB
dist/assets/ThemeToggle-CKHqMwfU.css                                        22.93 kB │ gzip:  5.51 kB
dist/assets/public-SCuEyuKX.css                                             46.99 kB │ gzip:  9.32 kB
dist/assets/public-CoSv6Fuz.js                                              45.67 kB │ gzip: 13.03 kB
dist/assets/admin-B4vc1x6h.js                                              121.18 kB │ gzip: 31.35 kB
dist/assets/ThemeToggle-CHF8PaGU.js                                        194.69 kB │ gzip: 61.63 kB

✓ built in 179ms
npm notice
npm notice New major version of npm available! 11.9.0 -> 12.2.0
npm notice Changelog: https://github.com/npm/cli/releases/tag/v12.2.0
npm notice To update run: npm install -g npm@12.2.0
npm notice
